-- Automatically generated by SQLQueryTestSuite
-- Number of queries: 24


-- !query 0
set spark.sql.decimalOperations.allowPrecisionLoss=false
-- !query 0 schema
struct<key:string,value:string>
-- !query 0 output
spark.sql.decimalOperations.allowPrecisionLoss	false


-- !query 1
CREATE TEMPORARY VIEW t AS SELECT 1.0 as a, 0.0 as b
-- !query 1 schema
struct<>
-- !query 1 output



-- !query 2
select a / b from t
-- !query 2 schema
struct<(CAST(a AS DECIMAL(2,1)) / CAST(b AS DECIMAL(2,1))):decimal(8,6)>
-- !query 2 output
NULL


-- !query 3
select a % b from t
-- !query 3 schema
struct<(CAST(a AS DECIMAL(2,1)) % CAST(b AS DECIMAL(2,1))):decimal(1,1)>
-- !query 3 output
NULL


-- !query 4
select pmod(a, b) from t
-- !query 4 schema
struct<pmod(CAST(a AS DECIMAL(2,1)), CAST(b AS DECIMAL(2,1))):decimal(1,1)>
-- !query 4 output
NULL


-- !query 5
create table decimals_test(id int, a decimal(38,18), b decimal(38,18)) using parquet
-- !query 5 schema
struct<>
-- !query 5 output



-- !query 6
insert into decimals_test values(1, 100.0, 999.0), (2, 12345.123, 12345.123),
  (3, 0.1234567891011, 1234.1), (4, 123456789123456789.0, 1.123456789123456789)
-- !query 6 schema
struct<>
-- !query 6 output



-- !query 7
select id, a+b, a-b, a*b, a/b from decimals_test order by id
-- !query 7 schema
struct<id:int,(a + b):decimal(38,18),(a - b):decimal(38,18),(a * b):decimal(38,36),(a / b):decimal(38,18)>
-- !query 7 output
1	1099	-899	NULL	0.1001001001001001
2	24690.246	0	NULL	1
3	1234.2234567891011	-1233.9765432108989	NULL	0.000100037913541123
4	123456789123456790.123456789123456789	123456789123456787.876543210876543211	NULL	109890109097814272.043109406191131436


-- !query 8
select id, a*10, b/10 from decimals_test order by id
-- !query 8 schema
struct<id:int,(CAST(a AS DECIMAL(38,18)) * CAST(CAST(10 AS DECIMAL(2,0)) AS DECIMAL(38,18))):decimal(38,18),(CAST(b AS DECIMAL(38,18)) / CAST(CAST(10 AS DECIMAL(2,0)) AS DECIMAL(38,18))):decimal(38,19)>
-- !query 8 output
1	1000	99.9
2	123451.23	1234.5123
3	1.234567891011	123.41
4	1234567891234567890	0.1123456789123456789


-- !query 9
select 10.3 * 3.0
-- !query 9 schema
struct<(CAST(10.3 AS DECIMAL(3,1)) * CAST(3.0 AS DECIMAL(3,1))):decimal(6,2)>
-- !query 9 output
30.9


-- !query 10
select 10.3000 * 3.0
-- !query 10 schema
struct<(CAST(10.3000 AS DECIMAL(6,4)) * CAST(3.0 AS DECIMAL(6,4))):decimal(9,5)>
-- !query 10 output
30.9


-- !query 11
select 10.30000 * 30.0
-- !query 11 schema
struct<(CAST(10.30000 AS DECIMAL(7,5)) * CAST(30.0 AS DECIMAL(7,5))):decimal(11,6)>
-- !query 11 output
309


-- !query 12
select 10.300000000000000000 * 3.000000000000000000
-- !query 12 schema
struct<(CAST(10.300000000000000000 AS DECIMAL(20,18)) * CAST(3.000000000000000000 AS DECIMAL(20,18))):decimal(38,36)>
-- !query 12 output
30.9


-- !query 13
select 10.300000000000000000 * 3.0000000000000000000
-- !query 13 schema
struct<(CAST(10.300000000000000000 AS DECIMAL(21,19)) * CAST(3.0000000000000000000 AS DECIMAL(21,19))):decimal(38,37)>
-- !query 13 output
NULL


-- !query 14
select 2.35E10 * 1.0
-- !query 14 schema
struct<(CAST(2.35E+10 AS DECIMAL(12,1)) * CAST(1.0 AS DECIMAL(12,1))):decimal(6,-7)>
-- !query 14 output
23500000000


-- !query 15
select (5e36 + 0.1) + 5e36
-- !query 15 schema
struct<(CAST((CAST(5E+36 AS DECIMAL(38,1)) + CAST(0.1 AS DECIMAL(38,1))) AS DECIMAL(38,1)) + CAST(5E+36 AS DECIMAL(38,1))):decimal(38,1)>
-- !query 15 output
NULL


-- !query 16
select (-4e36 - 0.1) - 7e36
-- !query 16 schema
struct<(CAST((CAST(-4E+36 AS DECIMAL(38,1)) - CAST(0.1 AS DECIMAL(38,1))) AS DECIMAL(38,1)) - CAST(7E+36 AS DECIMAL(38,1))):decimal(38,1)>
-- !query 16 output
NULL


-- !query 17
select 12345678901234567890.0 * 12345678901234567890.0
-- !query 17 schema
struct<(12345678901234567890.0 * 12345678901234567890.0):decimal(38,2)>
-- !query 17 output
NULL


-- !query 18
select 1e35 / 0.1
-- !query 18 schema
struct<(CAST(1E+35 AS DECIMAL(37,1)) / CAST(0.1 AS DECIMAL(37,1))):decimal(38,3)>
-- !query 18 output
NULL


-- !query 19
select 1.2345678901234567890E30 * 1.2345678901234567890E25
-- !query 19 schema
struct<(CAST(1.2345678901234567890E+30 AS DECIMAL(25,-6)) * CAST(1.2345678901234567890E+25 AS DECIMAL(25,-6))):decimal(38,-17)>
-- !query 19 output
NULL


-- !query 20
select 12345678912345678912345678912.1234567 + 9999999999999999999999999999999.12345
-- !query 20 schema
struct<(CAST(12345678912345678912345678912.1234567 AS DECIMAL(38,7)) + CAST(9999999999999999999999999999999.12345 AS DECIMAL(38,7))):decimal(38,7)>
-- !query 20 output
NULL


-- !query 21
select 123456789123456789.1234567890 * 1.123456789123456789
-- !query 21 schema
struct<(CAST(123456789123456789.1234567890 AS DECIMAL(36,18)) * CAST(1.123456789123456789 AS DECIMAL(36,18))):decimal(38,28)>
-- !query 21 output
NULL


-- !query 22
select 12345678912345.123456789123 / 0.000000012345678
-- !query 22 schema
struct<(CAST(12345678912345.123456789123 AS DECIMAL(29,15)) / CAST(1.2345678E-8 AS DECIMAL(29,15))):decimal(38,18)>
-- !query 22 output
NULL


-- !query 23
drop table decimals_test
-- !query 23 schema
struct<>
-- !query 23 output

